// Jest Snapshot v1, https://goo.gl/fbAQLP

exports[`renders correctly 1`] = `
<View
  onLayout={[Function]}
  style={
    Array [
      Object {
        "flex": 1,
      },
      Object {
        "paddingBottom": 0,
      },
    ]
  }
>
  <Text
    style={
      Object {
        "color": "black",
        "fontSize": 26,
        "fontWeight": "bold",
      }
    }
  >
    Username
  </Text>
  <TextInput
    allowFontScaling={true}
    onChangeText={[Function]}
    placeholder="Enter your username"
    rejectResponderTermination={true}
    style={
      Object {
        "color": "white",
        "fontSize": 26,
        "marginVertical": 10,
        "width": "100%",
      }
    }
    underlineColorAndroid="transparent"
  />
  <Text
    style={
      Object {
        "color": "black",
        "fontSize": 26,
        "fontWeight": "bold",
      }
    }
  >
    Password
  </Text>
  <TextInput
    allowFontScaling={true}
    onChangeText={[Function]}
    placeholder="Enter your password"
    rejectResponderTermination={true}
    secureTextEntry={true}
    style={
      Object {
        "color": "white",
        "fontSize": 26,
        "marginVertical": 10,
        "width": "100%",
      }
    }
    underlineColorAndroid="transparent"
  />
  <View
    accessible={true}
    isTVSelectable={true}
    onResponderGrant={[Function]}
    onResponderMove={[Function]}
    onResponderRelease={[Function]}
    onResponderTerminate={[Function]}
    onResponderTerminationRequest={[Function]}
    onStartShouldSetResponder={[Function]}
    style={
      Object {
        "backgroundColor": "purple",
        "borderRadius": 5,
        "color": "white",
        "fontSize": 35,
        "fontWeight": "bold",
        "opacity": 1,
        "textAlign": "center",
      }
    }
  >
    <Text
      style={
        Object {
          "backgroundColor": "purple",
          "borderRadius": 5,
          "color": "white",
          "fontSize": 35,
          "fontWeight": "bold",
          "textAlign": "center",
        }
      }
    >
      Login
    </Text>
  </View>
</View>
`;
